Archive member included because of file (symbol)

c:/winavr-20100110/bin/../lib/gcc/avr/4.3.3/avr51\libgcc.a(_exit.o)
                              c:/winavr-20100110/bin/../lib/gcc/avr/4.3.3/../../../../avr/lib/avr51/crtcan128.o (exit)

Memory Configuration

Name             Origin             Length             Attributes
text             0x00000000         0x00020000         xr
data             0x00800060         0x0000ffa0         rw !x
eeprom           0x00810000         0x00010000         rw !x
fuse             0x00820000         0x00000400         rw !x
lock             0x00830000         0x00000400         rw !x
signature        0x00840000         0x00000400         rw !x
*default*        0x00000000         0xffffffff

Linker script and memory map

Address of section .data set to 0x800100
LOAD c:/winavr-20100110/bin/../lib/gcc/avr/4.3.3/../../../../avr/lib/avr51/crtcan128.o
LOAD main.o
LOAD usartLib.o
LOAD mycanlib.o
LOAD c:/winavr-20100110/bin/../lib/gcc/avr/4.3.3/avr51\libgcc.a
LOAD c:/winavr-20100110/bin/../lib/gcc/avr/4.3.3/../../../../avr/lib/avr51\libc.a
LOAD c:/winavr-20100110/bin/../lib/gcc/avr/4.3.3/avr51\libgcc.a

.hash
 *(.hash)

.dynsym
 *(.dynsym)

.dynstr
 *(.dynstr)

.gnu.version
 *(.gnu.version)

.gnu.version_d
 *(.gnu.version_d)

.gnu.version_r
 *(.gnu.version_r)

.rel.init
 *(.rel.init)

.rela.init
 *(.rela.init)

.rel.text
 *(.rel.text)
 *(.rel.text.*)
 *(.rel.gnu.linkonce.t*)

.rela.text
 *(.rela.text)
 *(.rela.text.*)
 *(.rela.gnu.linkonce.t*)

.rel.fini
 *(.rel.fini)

.rela.fini
 *(.rela.fini)

.rel.rodata
 *(.rel.rodata)
 *(.rel.rodata.*)
 *(.rel.gnu.linkonce.r*)

.rela.rodata
 *(.rela.rodata)
 *(.rela.rodata.*)
 *(.rela.gnu.linkonce.r*)

.rel.data
 *(.rel.data)
 *(.rel.data.*)
 *(.rel.gnu.linkonce.d*)

.rela.data
 *(.rela.data)
 *(.rela.data.*)
 *(.rela.gnu.linkonce.d*)

.rel.ctors
 *(.rel.ctors)

.rela.ctors
 *(.rela.ctors)

.rel.dtors
 *(.rel.dtors)

.rela.dtors
 *(.rela.dtors)

.rel.got
 *(.rel.got)

.rela.got
 *(.rela.got)

.rel.bss
 *(.rel.bss)

.rela.bss
 *(.rela.bss)

.rel.plt
 *(.rel.plt)

.rela.plt
 *(.rela.plt)

.text           0x00000000      0x7fe
 *(.vectors)
 .vectors       0x00000000       0x94 c:/winavr-20100110/bin/../lib/gcc/avr/4.3.3/../../../../avr/lib/avr51/crtcan128.o
                0x00000000                __vectors
                0x00000000                __vector_default
 *(.vectors)
 *(.progmem.gcc*)
 *(.progmem*)
                0x00000094                . = ALIGN (0x2)
                0x00000094                __trampolines_start = .
 *(.trampolines)
 .trampolines   0x00000094        0x0 linker stubs
 *(.trampolines*)
                0x00000094                __trampolines_end = .
 *(.jumptables)
 *(.jumptables*)
 *(.lowtext)
 *(.lowtext*)
                0x00000094                __ctors_start = .
 *(.ctors)
                0x00000094                __ctors_end = .
                0x00000094                __dtors_start = .
 *(.dtors)
                0x00000094                __dtors_end = .
 SORT(*)(.ctors)
 SORT(*)(.dtors)
 *(.init0)
 .init0         0x00000094        0x0 c:/winavr-20100110/bin/../lib/gcc/avr/4.3.3/../../../../avr/lib/avr51/crtcan128.o
                0x00000094                __init
 *(.init0)
 *(.init1)
 *(.init1)
 *(.init2)
 .init2         0x00000094        0xc c:/winavr-20100110/bin/../lib/gcc/avr/4.3.3/../../../../avr/lib/avr51/crtcan128.o
 *(.init2)
 *(.init3)
 *(.init3)
 *(.init4)
 .init4         0x000000a0       0x1a c:/winavr-20100110/bin/../lib/gcc/avr/4.3.3/../../../../avr/lib/avr51/crtcan128.o
                0x000000a0                __do_copy_data
 *(.init4)
 *(.init5)
 *(.init5)
 *(.init6)
 *(.init6)
 *(.init7)
 *(.init7)
 *(.init8)
 *(.init8)
 *(.init9)
 .init9         0x000000ba        0x8 c:/winavr-20100110/bin/../lib/gcc/avr/4.3.3/../../../../avr/lib/avr51/crtcan128.o
 *(.init9)
 *(.text)
 .text          0x000000c2        0x4 c:/winavr-20100110/bin/../lib/gcc/avr/4.3.3/../../../../avr/lib/avr51/crtcan128.o
                0x000000c2                __vector_22
                0x000000c2                __vector_28
                0x000000c2                __vector_1
                0x000000c2                __vector_32
                0x000000c2                __vector_34
                0x000000c2                __vector_24
                0x000000c2                __vector_12
                0x000000c2                __bad_interrupt
                0x000000c2                __vector_6
                0x000000c2                __vector_31
                0x000000c2                __vector_35
                0x000000c2                __vector_3
                0x000000c2                __vector_23
                0x000000c2                __vector_30
                0x000000c2                __vector_25
                0x000000c2                __vector_11
                0x000000c2                __vector_13
                0x000000c2                __vector_17
                0x000000c2                __vector_19
                0x000000c2                __vector_7
                0x000000c2                __vector_27
                0x000000c2                __vector_5
                0x000000c2                __vector_33
                0x000000c2                __vector_4
                0x000000c2                __vector_9
                0x000000c2                __vector_2
                0x000000c2                __vector_21
                0x000000c2                __vector_15
                0x000000c2                __vector_36
                0x000000c2                __vector_29
                0x000000c2                __vector_8
                0x000000c2                __vector_26
                0x000000c2                __vector_14
                0x000000c2                __vector_10
                0x000000c2                __vector_16
                0x000000c2                __vector_18
                0x000000c2                __vector_20
 .text          0x000000c6       0x46 main.o
                0x000000e4                breakPoint
                0x000000d6                testPoint
                0x000000e8                main
                0x000000c6                initPort
 .text          0x0000010c       0xa8 usartLib.o
                0x0000019a                usart0_transmit_string
                0x00000146                usart1_transmit_string
                0x0000010c                usart1_init
                0x0000018a                usart0_transmit
                0x00000128                usart1_receive
                0x0000017c                usart0_receive
                0x00000136                usart1_transmit
                0x00000160                usart0_init
 .text          0x000001b4      0x646 mycanlib.o
                0x0000038c                can_int_rx_set
                0x000001b4                can_init
                0x0000053a                can_rx_set
                0x0000027e                can_tx
                0x00000692                can_rx
 .text          0x000007fa        0x0 c:/winavr-20100110/bin/../lib/gcc/avr/4.3.3/avr51\libgcc.a(_exit.o)
                0x000007fa                . = ALIGN (0x2)
 *(.text.*)
 .text.libgcc   0x000007fa        0x0 c:/winavr-20100110/bin/../lib/gcc/avr/4.3.3/avr51\libgcc.a(_exit.o)
                0x000007fa                . = ALIGN (0x2)
 *(.fini9)
 .fini9         0x000007fa        0x0 c:/winavr-20100110/bin/../lib/gcc/avr/4.3.3/avr51\libgcc.a(_exit.o)
                0x000007fa                exit
                0x000007fa                _exit
 *(.fini9)
 *(.fini8)
 *(.fini8)
 *(.fini7)
 *(.fini7)
 *(.fini6)
 *(.fini6)
 *(.fini5)
 *(.fini5)
 *(.fini4)
 *(.fini4)
 *(.fini3)
 *(.fini3)
 *(.fini2)
 *(.fini2)
 *(.fini1)
 *(.fini1)
 *(.fini0)
 .fini0         0x000007fa        0x4 c:/winavr-20100110/bin/../lib/gcc/avr/4.3.3/avr51\libgcc.a(_exit.o)
 *(.fini0)
                0x000007fe                _etext = .

.data           0x00800100      0x252 load address 0x000007fe
                0x00800100                PROVIDE (__data_start, .)
 *(.data)
 .data          0x00800100        0x0 c:/winavr-20100110/bin/../lib/gcc/avr/4.3.3/../../../../avr/lib/avr51/crtcan128.o
 .data          0x00800100      0x1fe main.o
                0x00800100                msg_YFS
                0x008001e1                msg_HDU
                0x00800259                msg_NCR
                0x008002d1                msg_TCR
 .data          0x008002fe        0x0 usartLib.o
 .data          0x008002fe       0x54 mycanlib.o
 .data          0x00800352        0x0 c:/winavr-20100110/bin/../lib/gcc/avr/4.3.3/avr51\libgcc.a(_exit.o)
 *(.data*)
 *(.rodata)
 *(.rodata*)
 *(.gnu.linkonce.d*)
                0x00800352                . = ALIGN (0x2)
                0x00800352                _edata = .
                0x00800352                PROVIDE (__data_end, .)

.bss            0x00800352        0x0
                0x00800352                PROVIDE (__bss_start, .)
 *(.bss)
 .bss           0x00800352        0x0 c:/winavr-20100110/bin/../lib/gcc/avr/4.3.3/../../../../avr/lib/avr51/crtcan128.o
 .bss           0x00800352        0x0 main.o
 .bss           0x00800352        0x0 usartLib.o
 .bss           0x00800352        0x0 mycanlib.o
 .bss           0x00800352        0x0 c:/winavr-20100110/bin/../lib/gcc/avr/4.3.3/avr51\libgcc.a(_exit.o)
 *(.bss*)
 *(COMMON)
                0x00800352                PROVIDE (__bss_end, .)
                0x000007fe                __data_load_start = LOADADDR (.data)
                0x00000a50                __data_load_end = (__data_load_start + SIZEOF (.data))

.noinit         0x00800352        0x0
                0x00800352                PROVIDE (__noinit_start, .)
 *(.noinit*)
                0x00800352                PROVIDE (__noinit_end, .)
                0x00800352                _end = .
                0x00800352                PROVIDE (__heap_start, .)

.eeprom         0x00810000        0x0
 *(.eeprom*)
                0x00810000                __eeprom_end = .

.fuse
 *(.fuse)
 *(.lfuse)
 *(.hfuse)
 *(.efuse)

.lock
 *(.lock*)

.signature
 *(.signature*)

.stab
 *(.stab)

.stabstr
 *(.stabstr)

.stab.excl
 *(.stab.excl)

.stab.exclstr
 *(.stab.exclstr)

.stab.index
 *(.stab.index)

.stab.indexstr
 *(.stab.indexstr)

.comment
 *(.comment)

.debug
 *(.debug)

.line
 *(.line)

.debug_srcinfo
 *(.debug_srcinfo)

.debug_sfnames
 *(.debug_sfnames)

.debug_aranges  0x00000000       0x60
 *(.debug_aranges)
 .debug_aranges
                0x00000000       0x20 main.o
 .debug_aranges
                0x00000020       0x20 usartLib.o
 .debug_aranges
                0x00000040       0x20 mycanlib.o

.debug_pubnames
                0x00000000      0x182
 *(.debug_pubnames)
 .debug_pubnames
                0x00000000       0x75 main.o
 .debug_pubnames
                0x00000075       0xb6 usartLib.o
 .debug_pubnames
                0x0000012b       0x57 mycanlib.o

.debug_info     0x00000000      0x61b
 *(.debug_info)
 .debug_info    0x00000000      0x1b1 main.o
 .debug_info    0x000001b1      0x19d usartLib.o
 .debug_info    0x0000034e      0x2cd mycanlib.o
 *(.gnu.linkonce.wi.*)

.debug_abbrev   0x00000000      0x313
 *(.debug_abbrev)
 .debug_abbrev  0x00000000       0xde main.o
 .debug_abbrev  0x000000de       0xe6 usartLib.o
 .debug_abbrev  0x000001c4      0x14f mycanlib.o

.debug_line     0x00000000      0x79d
 *(.debug_line)
 .debug_line    0x00000000       0xf1 main.o
 .debug_line    0x000000f1      0x19f usartLib.o
 .debug_line    0x00000290      0x50d mycanlib.o

.debug_frame    0x00000000      0x140
 *(.debug_frame)
 .debug_frame   0x00000000       0x50 main.o
 .debug_frame   0x00000050       0x90 usartLib.o
 .debug_frame   0x000000e0       0x60 mycanlib.o

.debug_str      0x00000000      0x1d4
 *(.debug_str)
 .debug_str     0x00000000       0xc1 main.o
                                 0xfa (size before relaxing)
 .debug_str     0x000000c1       0x92 usartLib.o
                                0x139 (size before relaxing)
 .debug_str     0x00000153       0x81 mycanlib.o
                                0x128 (size before relaxing)

.debug_loc      0x00000000      0x413
 *(.debug_loc)
 .debug_loc     0x00000000       0x28 main.o
 .debug_loc     0x00000028       0x8c usartLib.o
 .debug_loc     0x000000b4      0x35f mycanlib.o

.debug_macinfo
 *(.debug_macinfo)
OUTPUT(CanTest.elf elf32-avr)
LOAD linker stubs

.debug_ranges   0x00000000       0x30
 .debug_ranges  0x00000000       0x30 usartLib.o
